// Jest Snapshot v1, https://goo.gl/fbAQLP

exports[`ErrorModal renders correctly 1`] = `<ErrorModal />`;

exports[`ErrorModal renders correctly 2`] = `<ErrorModal />`;
